*******************************************************************************
Thu Oct 06 11:04:01 2016


FIT:    data read from 'relative_error{frob}.dat' using 1:2
        format = x:z
        x range restricted to [50.0000 : 800.000]
        #datapoints = 36
        residuals are weighted equally (unit weight)

function used for fitting: f(x)
	f(x) = a*x**b
fitted parameters initialized with current variable values

iter      chisq       delta/lim  lambda   a             b            
   0 3.3877663481e+06  0.00e+00 1.34e+03  1.000000e+00  1.000000e+00
  44 1.0539226700e-04 -1.56e-04 1.34e-07  2.375983e+00 -9.413321e-01

After 44 iterations the fit converged.
final sum of squares of residuals : 0.000105392
rel. change during last iteration : -1.557e-009

degrees of freedom    (FIT_NDF)                        : 34
rms of residuals      (FIT_STDFIT) = sqrt(WSSR/ndf)    : 0.00176062
variance of residuals (reduced chisquare) = WSSR/ndf   : 3.09977e-006

Final set of parameters            Asymptotic Standard Error
=======================            ==========================
a               = 2.37598          +/- 0.2464       (10.37%)
b               = -0.941332        +/- 0.02259      (2.4%)

correlation matrix of the fit parameters:
                a      b      
a               1.000 
b              -0.992  1.000 


*******************************************************************************
Thu Oct 06 11:04:02 2016


FIT:    data read from 'error{frob}.dat' using 1:2
        format = x:z
        x range restricted to [50.0000 : 800.000]
        #datapoints = 36
        residuals are weighted equally (unit weight)

function used for fitting: g(x)
	g(x) = c*x**d
fitted parameters initialized with current variable values

iter      chisq       delta/lim  lambda   c             d            
   0 3.3879018504e+06  0.00e+00 1.34e+03  1.000000e+00  1.000000e+00
 155 1.7424814020e-05 -1.54e-05 1.34e-09  2.092395e+02 -1.984354e+00

After 155 iterations the fit converged.
final sum of squares of residuals : 1.74248e-005
rel. change during last iteration : -1.54477e-010

degrees of freedom    (FIT_NDF)                        : 34
rms of residuals      (FIT_STDFIT) = sqrt(WSSR/ndf)    : 0.000715887
variance of residuals (reduced chisquare) = WSSR/ndf   : 5.12495e-007

Final set of parameters            Asymptotic Standard Error
=======================            ==========================
c               = 209.24           +/- 14.79        (7.068%)
d               = -1.98435         +/- 0.01704      (0.8587%)

correlation matrix of the fit parameters:
                c      d      
c               1.000 
d              -0.997  1.000 


*******************************************************************************
Thu Oct 06 11:13:25 2016


FIT:    data read from 'relative_error{frob}.dat' using 1:2
        format = x:z
        x range restricted to [30.0000 : 700.000]
        #datapoints = 37
        residuals are weighted equally (unit weight)

function used for fitting: f(x)
	f(x) = a*x**b
fitted parameters initialized with current variable values

iter      chisq       delta/lim  lambda   a             b            
   0 2.7502598138e+06  0.00e+00 1.16e+03  1.000000e+00  1.000000e+00
  97 1.0445349257e-04 -6.20e-06 1.16e-07  2.415871e+00 -9.446592e-01

After 97 iterations the fit converged.
final sum of squares of residuals : 0.000104453
rel. change during last iteration : -6.20047e-011

degrees of freedom    (FIT_NDF)                        : 35
rms of residuals      (FIT_STDFIT) = sqrt(WSSR/ndf)    : 0.00172754
variance of residuals (reduced chisquare) = WSSR/ndf   : 2.98439e-006

Final set of parameters            Asymptotic Standard Error
=======================            ==========================
a               = 2.41587          +/- 0.1391       (5.759%)
b               = -0.944659        +/- 0.01391      (1.472%)

correlation matrix of the fit parameters:
                a      b      
a               1.000 
b              -0.987  1.000 


*******************************************************************************
Thu Oct 06 11:13:26 2016


FIT:    data read from 'error{frob}.dat' using 1:2
        format = x:z
        x range restricted to [30.0000 : 700.000]
        #datapoints = 37
        residuals are weighted equally (unit weight)

function used for fitting: g(x)
	g(x) = c*x**d
fitted parameters initialized with current variable values

iter      chisq       delta/lim  lambda   c             d            
   0 2.7503761013e+06  0.00e+00 1.16e+03  1.000000e+00  1.000000e+00
 154 2.1384855588e-05 -1.31e-01 1.16e-08  2.400114e+02 -2.017303e+00

After 154 iterations the fit converged.
final sum of squares of residuals : 2.13849e-005
rel. change during last iteration : -1.30532e-006

degrees of freedom    (FIT_NDF)                        : 35
rms of residuals      (FIT_STDFIT) = sqrt(WSSR/ndf)    : 0.000781662
variance of residuals (reduced chisquare) = WSSR/ndf   : 6.10996e-007

Final set of parameters            Asymptotic Standard Error
=======================            ==========================
c               = 240.011          +/- 6.897        (2.873%)
d               = -2.0173          +/- 0.008005     (0.3968%)

correlation matrix of the fit parameters:
                c      d      
c               1.000 
d              -0.996  1.000 


*******************************************************************************
Thu Oct 06 11:16:11 2016


FIT:    data read from 'relative_error{frob}.dat' using 1:2
        format = x:z
        x range restricted to [10.0000 : 800.000]
        #datapoints = 40
        residuals are weighted equally (unit weight)

function used for fitting: f(x)
	f(x) = a/x
fitted parameters initialized with current variable values

iter      chisq       delta/lim  lambda   a            
   0 5.9033974543e-02  0.00e+00 2.01e-02  1.000000e+00
   3 2.8308841252e-04 -7.71e-04 2.01e-05  2.905286e+00

After 3 iterations the fit converged.
final sum of squares of residuals : 0.000283088
rel. change during last iteration : -7.71236e-009

degrees of freedom    (FIT_NDF)                        : 39
rms of residuals      (FIT_STDFIT) = sqrt(WSSR/ndf)    : 0.00269419
variance of residuals (reduced chisquare) = WSSR/ndf   : 7.25868e-006

Final set of parameters            Asymptotic Standard Error
=======================            ==========================
a               = 2.90529          +/- 0.02118      (0.7289%)


*******************************************************************************
Thu Oct 06 11:16:11 2016


FIT:    data read from 'error{frob}.dat' using 1:2
        format = x:z
        x range restricted to [10.0000 : 800.000]
        #datapoints = 40
        residuals are weighted equally (unit weight)

function used for fitting: g(x)
	g(x) = c/(x*x)
fitted parameters initialized with current variable values

iter      chisq       delta/lim  lambda   c            
   0 8.0746831821e+00  0.00e+00 1.64e-03  1.000000e+00
   3 9.4329955121e-03 -3.18e-03 1.64e-06  2.739806e+02

After 3 iterations the fit converged.
final sum of squares of residuals : 0.009433
rel. change during last iteration : -3.17734e-008

degrees of freedom    (FIT_NDF)                        : 39
rms of residuals      (FIT_STDFIT) = sqrt(WSSR/ndf)    : 0.0155522
variance of residuals (reduced chisquare) = WSSR/ndf   : 0.000241872

Final set of parameters            Asymptotic Standard Error
=======================            ==========================
c               = 273.981          +/- 1.495        (0.5456%)


*******************************************************************************
Thu Oct 06 11:37:54 2016


FIT:    data read from 'relative_error{frob}.dat' using 1:2
        format = x:z
        x range restricted to [10.0000 : 800.000]
        #datapoints = 40
        residuals are weighted equally (unit weight)

function used for fitting: f(x)
	f(x) = a/x
fitted parameters initialized with current variable values

iter      chisq       delta/lim  lambda   a            
   0 5.9033974543e-02  0.00e+00 2.01e-02  1.000000e+00
   3 2.8308841252e-04 -7.71e-04 2.01e-05  2.905286e+00

After 3 iterations the fit converged.
final sum of squares of residuals : 0.000283088
rel. change during last iteration : -7.71236e-009

degrees of freedom    (FIT_NDF)                        : 39
rms of residuals      (FIT_STDFIT) = sqrt(WSSR/ndf)    : 0.00269419
variance of residuals (reduced chisquare) = WSSR/ndf   : 7.25868e-006

Final set of parameters            Asymptotic Standard Error
=======================            ==========================
a               = 2.90529          +/- 0.02118      (0.7289%)


*******************************************************************************
Thu Oct 06 11:37:54 2016


FIT:    data read from 'error{frob}.dat' using 1:2
        format = x:z
        x range restricted to [10.0000 : 800.000]
        #datapoints = 40
        residuals are weighted equally (unit weight)

function used for fitting: g(x)
	g(x) = c/(x*x)
fitted parameters initialized with current variable values

iter      chisq       delta/lim  lambda   c            
   0 8.0746831821e+00  0.00e+00 1.64e-03  1.000000e+00
   3 9.4329955121e-03 -3.18e-03 1.64e-06  2.739806e+02

After 3 iterations the fit converged.
final sum of squares of residuals : 0.009433
rel. change during last iteration : -3.17734e-008

degrees of freedom    (FIT_NDF)                        : 39
rms of residuals      (FIT_STDFIT) = sqrt(WSSR/ndf)    : 0.0155522
variance of residuals (reduced chisquare) = WSSR/ndf   : 0.000241872

Final set of parameters            Asymptotic Standard Error
=======================            ==========================
c               = 273.981          +/- 1.495        (0.5456%)


*******************************************************************************
Mon Oct 10 09:58:51 2016


FIT:    data read from 'dist.dat' using 1:2
        format = x:z
        x range restricted to [10.0000 : 800.000]
        #datapoints = 72
        residuals are weighted equally (unit weight)

function used for fitting: f(x)
	f(x) = a*x**b
fitted parameters initialized with current variable values

iter      chisq       delta/lim  lambda   a             b            
   0 4.1912702471e+06  0.00e+00 1.09e+03  1.000000e+00  1.000000e+00
  85 5.0248863291e-03 -2.33e-01 1.09e-07  4.201244e+02 -2.180722e+00

After 85 iterations the fit converged.
final sum of squares of residuals : 0.00502489
rel. change during last iteration : -2.33426e-006

degrees of freedom    (FIT_NDF)                        : 70
rms of residuals      (FIT_STDFIT) = sqrt(WSSR/ndf)    : 0.00847255
variance of residuals (reduced chisquare) = WSSR/ndf   : 7.17841e-005

Final set of parameters            Asymptotic Standard Error
=======================            ==========================
a               = 420.124          +/- 6.312        (1.503%)
b               = -2.18072         +/- 0.005881     (0.2697%)

correlation matrix of the fit parameters:
                a      b      
a               1.000 
b              -0.994  1.000 


*******************************************************************************
Mon Oct 10 10:00:14 2016


FIT:    data read from 'dist.dat' using 1:2
        format = x:z
        x range restricted to [10.0000 : 800.000]
        #datapoints = 72
        residuals are weighted equally (unit weight)

function used for fitting: f(x)
	f(x) = a*x**b
fitted parameters initialized with current variable values

iter      chisq       delta/lim  lambda   a             b            
   0 4.1912702471e+06  0.00e+00 1.09e+03  1.000000e+00  1.000000e+00
  85 5.0248863291e-03 -2.33e-01 1.09e-07  4.201244e+02 -2.180722e+00

After 85 iterations the fit converged.
final sum of squares of residuals : 0.00502489
rel. change during last iteration : -2.33426e-006

degrees of freedom    (FIT_NDF)                        : 70
rms of residuals      (FIT_STDFIT) = sqrt(WSSR/ndf)    : 0.00847255
variance of residuals (reduced chisquare) = WSSR/ndf   : 7.17841e-005

Final set of parameters            Asymptotic Standard Error
=======================            ==========================
a               = 420.124          +/- 6.312        (1.503%)
b               = -2.18072         +/- 0.005881     (0.2697%)

correlation matrix of the fit parameters:
                a      b      
a               1.000 
b              -0.994  1.000 


*******************************************************************************
Mon Oct 10 10:03:26 2016


FIT:    data read from 'dist.dat' using 1:2
        format = x:z
        x range restricted to [10.0000 : 800.000]
        #datapoints = 72
        residuals are weighted equally (unit weight)

function used for fitting: f(x)
	f(x) = a*x**b
fitted parameters initialized with current variable values

iter      chisq       delta/lim  lambda   a             b            
   0 4.1912702471e+06  0.00e+00 1.09e+03  1.000000e+00  1.000000e+00
  85 5.0248863291e-03 -2.33e-01 1.09e-07  4.201244e+02 -2.180722e+00

After 85 iterations the fit converged.
final sum of squares of residuals : 0.00502489
rel. change during last iteration : -2.33426e-006

degrees of freedom    (FIT_NDF)                        : 70
rms of residuals      (FIT_STDFIT) = sqrt(WSSR/ndf)    : 0.00847255
variance of residuals (reduced chisquare) = WSSR/ndf   : 7.17841e-005

Final set of parameters            Asymptotic Standard Error
=======================            ==========================
a               = 420.124          +/- 6.312        (1.503%)
b               = -2.18072         +/- 0.005881     (0.2697%)

correlation matrix of the fit parameters:
                a      b      
a               1.000 
b              -0.994  1.000 


*******************************************************************************
Mon Oct 10 10:04:12 2016


FIT:    data read from 'dist.dat' using 1:2
        format = x:z
        x range restricted to [10.0000 : 800.000]
        #datapoints = 72
        residuals are weighted equally (unit weight)

function used for fitting: f(x)
	f(x) = a*x**b
fitted parameters initialized with current variable values

iter      chisq       delta/lim  lambda   a             b            
   0 4.1912702471e+06  0.00e+00 1.09e+03  1.000000e+00  1.000000e+00
  85 5.0248863291e-03 -2.33e-01 1.09e-07  4.201244e+02 -2.180722e+00

After 85 iterations the fit converged.
final sum of squares of residuals : 0.00502489
rel. change during last iteration : -2.33426e-006

degrees of freedom    (FIT_NDF)                        : 70
rms of residuals      (FIT_STDFIT) = sqrt(WSSR/ndf)    : 0.00847255
variance of residuals (reduced chisquare) = WSSR/ndf   : 7.17841e-005

Final set of parameters            Asymptotic Standard Error
=======================            ==========================
a               = 420.124          +/- 6.312        (1.503%)
b               = -2.18072         +/- 0.005881     (0.2697%)

correlation matrix of the fit parameters:
                a      b      
a               1.000 
b              -0.994  1.000 


*******************************************************************************
Mon Oct 10 10:04:53 2016


FIT:    data read from 'dist.dat' using 1:2
        format = x:z
        x range restricted to [10.0000 : 800.000]
        #datapoints = 72
        residuals are weighted equally (unit weight)

function used for fitting: f(x)
	f(x) = a*x**b
fitted parameters initialized with current variable values

iter      chisq       delta/lim  lambda   a             b            
   0 4.1912702471e+06  0.00e+00 1.09e+03  1.000000e+00  1.000000e+00
  85 5.0248863291e-03 -2.33e-01 1.09e-07  4.201244e+02 -2.180722e+00

After 85 iterations the fit converged.
final sum of squares of residuals : 0.00502489
rel. change during last iteration : -2.33426e-006

degrees of freedom    (FIT_NDF)                        : 70
rms of residuals      (FIT_STDFIT) = sqrt(WSSR/ndf)    : 0.00847255
variance of residuals (reduced chisquare) = WSSR/ndf   : 7.17841e-005

Final set of parameters            Asymptotic Standard Error
=======================            ==========================
a               = 420.124          +/- 6.312        (1.503%)
b               = -2.18072         +/- 0.005881     (0.2697%)

correlation matrix of the fit parameters:
                a      b      
a               1.000 
b              -0.994  1.000 


*******************************************************************************
Mon Oct 10 10:05:26 2016


FIT:    data read from 'dist.dat' using 1:2
        format = x:z
        x range restricted to [10.0000 : 800.000]
        #datapoints = 72
        residuals are weighted equally (unit weight)

function used for fitting: f(x)
	f(x) = a*x**b
fitted parameters initialized with current variable values

iter      chisq       delta/lim  lambda   a             b            
   0 4.1912702471e+06  0.00e+00 1.09e+03  1.000000e+00  1.000000e+00
  85 5.0248863291e-03 -2.33e-01 1.09e-07  4.201244e+02 -2.180722e+00

After 85 iterations the fit converged.
final sum of squares of residuals : 0.00502489
rel. change during last iteration : -2.33426e-006

degrees of freedom    (FIT_NDF)                        : 70
rms of residuals      (FIT_STDFIT) = sqrt(WSSR/ndf)    : 0.00847255
variance of residuals (reduced chisquare) = WSSR/ndf   : 7.17841e-005

Final set of parameters            Asymptotic Standard Error
=======================            ==========================
a               = 420.124          +/- 6.312        (1.503%)
b               = -2.18072         +/- 0.005881     (0.2697%)

correlation matrix of the fit parameters:
                a      b      
a               1.000 
b              -0.994  1.000 


*******************************************************************************
Mon Oct 10 10:05:57 2016


FIT:    data read from 'dist.dat' using 1:2
        format = x:z
        x range restricted to [10.0000 : 800.000]
        #datapoints = 72
        residuals are weighted equally (unit weight)

function used for fitting: f(x)
	f(x) = a*x**b
fitted parameters initialized with current variable values

iter      chisq       delta/lim  lambda   a             b            
   0 4.1912702471e+06  0.00e+00 1.09e+03  1.000000e+00  1.000000e+00
  85 5.0248863291e-03 -2.33e-01 1.09e-07  4.201244e+02 -2.180722e+00

After 85 iterations the fit converged.
final sum of squares of residuals : 0.00502489
rel. change during last iteration : -2.33426e-006

degrees of freedom    (FIT_NDF)                        : 70
rms of residuals      (FIT_STDFIT) = sqrt(WSSR/ndf)    : 0.00847255
variance of residuals (reduced chisquare) = WSSR/ndf   : 7.17841e-005

Final set of parameters            Asymptotic Standard Error
=======================            ==========================
a               = 420.124          +/- 6.312        (1.503%)
b               = -2.18072         +/- 0.005881     (0.2697%)

correlation matrix of the fit parameters:
                a      b      
a               1.000 
b              -0.994  1.000 


*******************************************************************************
Mon Oct 10 10:06:53 2016


FIT:    data read from 'dist.dat' using 1:2
        format = x:z
        x range restricted to [10.0000 : 800.000]
        #datapoints = 72
        residuals are weighted equally (unit weight)

function used for fitting: f(x)
	f(x) = a*x**b
fitted parameters initialized with current variable values

iter      chisq       delta/lim  lambda   a             b            
   0 4.1912702471e+06  0.00e+00 1.09e+03  1.000000e+00  1.000000e+00
  85 5.0248863291e-03 -2.33e-01 1.09e-07  4.201244e+02 -2.180722e+00

After 85 iterations the fit converged.
final sum of squares of residuals : 0.00502489
rel. change during last iteration : -2.33426e-006

degrees of freedom    (FIT_NDF)                        : 70
rms of residuals      (FIT_STDFIT) = sqrt(WSSR/ndf)    : 0.00847255
variance of residuals (reduced chisquare) = WSSR/ndf   : 7.17841e-005

Final set of parameters            Asymptotic Standard Error
=======================            ==========================
a               = 420.124          +/- 6.312        (1.503%)
b               = -2.18072         +/- 0.005881     (0.2697%)

correlation matrix of the fit parameters:
                a      b      
a               1.000 
b              -0.994  1.000 


*******************************************************************************
Mon Oct 10 10:07:58 2016


FIT:    data read from 'dist.dat' using 1:2
        format = x:z
        x range restricted to [10.0000 : 800.000]
        #datapoints = 72
        residuals are weighted equally (unit weight)

function used for fitting: f(x)
	f(x) = a*x**b
fitted parameters initialized with current variable values

iter      chisq       delta/lim  lambda   a             b            
   0 4.1912702471e+06  0.00e+00 1.09e+03  1.000000e+00  1.000000e+00
  85 5.0248863291e-03 -2.33e-01 1.09e-07  4.201244e+02 -2.180722e+00

After 85 iterations the fit converged.
final sum of squares of residuals : 0.00502489
rel. change during last iteration : -2.33426e-006

degrees of freedom    (FIT_NDF)                        : 70
rms of residuals      (FIT_STDFIT) = sqrt(WSSR/ndf)    : 0.00847255
variance of residuals (reduced chisquare) = WSSR/ndf   : 7.17841e-005

Final set of parameters            Asymptotic Standard Error
=======================            ==========================
a               = 420.124          +/- 6.312        (1.503%)
b               = -2.18072         +/- 0.005881     (0.2697%)

correlation matrix of the fit parameters:
                a      b      
a               1.000 
b              -0.994  1.000 


*******************************************************************************
Mon Oct 10 10:08:19 2016


FIT:    data read from 'dist.dat' using 1:2
        format = x:z
        x range restricted to [10.0000 : 800.000]
        #datapoints = 72
        residuals are weighted equally (unit weight)

function used for fitting: f(x)
	f(x) = a*x**b
fitted parameters initialized with current variable values

iter      chisq       delta/lim  lambda   a             b            
   0 4.1912702471e+06  0.00e+00 1.09e+03  1.000000e+00  1.000000e+00
  85 5.0248863291e-03 -2.33e-01 1.09e-07  4.201244e+02 -2.180722e+00

After 85 iterations the fit converged.
final sum of squares of residuals : 0.00502489
rel. change during last iteration : -2.33426e-006

degrees of freedom    (FIT_NDF)                        : 70
rms of residuals      (FIT_STDFIT) = sqrt(WSSR/ndf)    : 0.00847255
variance of residuals (reduced chisquare) = WSSR/ndf   : 7.17841e-005

Final set of parameters            Asymptotic Standard Error
=======================            ==========================
a               = 420.124          +/- 6.312        (1.503%)
b               = -2.18072         +/- 0.005881     (0.2697%)

correlation matrix of the fit parameters:
                a      b      
a               1.000 
b              -0.994  1.000 


*******************************************************************************
Mon Oct 10 10:08:36 2016


FIT:    data read from 'dist.dat' using 1:2
        format = x:z
        x range restricted to [10.0000 : 800.000]
        #datapoints = 72
        residuals are weighted equally (unit weight)

function used for fitting: f(x)
	f(x) = a*x**b
fitted parameters initialized with current variable values

iter      chisq       delta/lim  lambda   a             b            
   0 4.1912702471e+06  0.00e+00 1.09e+03  1.000000e+00  1.000000e+00
  85 5.0248863291e-03 -2.33e-01 1.09e-07  4.201244e+02 -2.180722e+00

After 85 iterations the fit converged.
final sum of squares of residuals : 0.00502489
rel. change during last iteration : -2.33426e-006

degrees of freedom    (FIT_NDF)                        : 70
rms of residuals      (FIT_STDFIT) = sqrt(WSSR/ndf)    : 0.00847255
variance of residuals (reduced chisquare) = WSSR/ndf   : 7.17841e-005

Final set of parameters            Asymptotic Standard Error
=======================            ==========================
a               = 420.124          +/- 6.312        (1.503%)
b               = -2.18072         +/- 0.005881     (0.2697%)

correlation matrix of the fit parameters:
                a      b      
a               1.000 
b              -0.994  1.000 


*******************************************************************************
Mon Oct 10 10:09:04 2016


FIT:    data read from 'dist.dat' using 1:2
        format = x:z
        x range restricted to [10.0000 : 800.000]
        #datapoints = 72
        residuals are weighted equally (unit weight)

function used for fitting: f(x)
	f(x) = a*x**b
fitted parameters initialized with current variable values

iter      chisq       delta/lim  lambda   a             b            
   0 4.1912702471e+06  0.00e+00 1.09e+03  1.000000e+00  1.000000e+00
  85 5.0248863291e-03 -2.33e-01 1.09e-07  4.201244e+02 -2.180722e+00

After 85 iterations the fit converged.
final sum of squares of residuals : 0.00502489
rel. change during last iteration : -2.33426e-006

degrees of freedom    (FIT_NDF)                        : 70
rms of residuals      (FIT_STDFIT) = sqrt(WSSR/ndf)    : 0.00847255
variance of residuals (reduced chisquare) = WSSR/ndf   : 7.17841e-005

Final set of parameters            Asymptotic Standard Error
=======================            ==========================
a               = 420.124          +/- 6.312        (1.503%)
b               = -2.18072         +/- 0.005881     (0.2697%)

correlation matrix of the fit parameters:
                a      b      
a               1.000 
b              -0.994  1.000 


*******************************************************************************
Mon Oct 10 10:09:24 2016


FIT:    data read from 'dist.dat' using 1:2
        format = x:z
        x range restricted to [10.0000 : 800.000]
        #datapoints = 72
        residuals are weighted equally (unit weight)

function used for fitting: f(x)
	f(x) = a*x**b
fitted parameters initialized with current variable values

iter      chisq       delta/lim  lambda   a             b            
   0 4.1912702471e+06  0.00e+00 1.09e+03  1.000000e+00  1.000000e+00
  85 5.0248863291e-03 -2.33e-01 1.09e-07  4.201244e+02 -2.180722e+00

After 85 iterations the fit converged.
final sum of squares of residuals : 0.00502489
rel. change during last iteration : -2.33426e-006

degrees of freedom    (FIT_NDF)                        : 70
rms of residuals      (FIT_STDFIT) = sqrt(WSSR/ndf)    : 0.00847255
variance of residuals (reduced chisquare) = WSSR/ndf   : 7.17841e-005

Final set of parameters            Asymptotic Standard Error
=======================            ==========================
a               = 420.124          +/- 6.312        (1.503%)
b               = -2.18072         +/- 0.005881     (0.2697%)

correlation matrix of the fit parameters:
                a      b      
a               1.000 
b              -0.994  1.000 


*******************************************************************************
Mon Oct 10 10:09:58 2016


FIT:    data read from 'dist.dat' using 1:2
        format = x:z
        x range restricted to [10.0000 : 800.000]
        #datapoints = 72
        residuals are weighted equally (unit weight)

function used for fitting: f(x)
	f(x) = a*x**b
fitted parameters initialized with current variable values

iter      chisq       delta/lim  lambda   a             b            
   0 4.1912702471e+06  0.00e+00 1.09e+03  1.000000e+00  1.000000e+00
  85 5.0248863291e-03 -2.33e-01 1.09e-07  4.201244e+02 -2.180722e+00

After 85 iterations the fit converged.
final sum of squares of residuals : 0.00502489
rel. change during last iteration : -2.33426e-006

degrees of freedom    (FIT_NDF)                        : 70
rms of residuals      (FIT_STDFIT) = sqrt(WSSR/ndf)    : 0.00847255
variance of residuals (reduced chisquare) = WSSR/ndf   : 7.17841e-005

Final set of parameters            Asymptotic Standard Error
=======================            ==========================
a               = 420.124          +/- 6.312        (1.503%)
b               = -2.18072         +/- 0.005881     (0.2697%)

correlation matrix of the fit parameters:
                a      b      
a               1.000 
b              -0.994  1.000 


*******************************************************************************
Mon Oct 10 10:10:29 2016


FIT:    data read from 'dist.dat' using 1:2
        format = x:z
        x range restricted to [10.0000 : 800.000]
        #datapoints = 72
        residuals are weighted equally (unit weight)

function used for fitting: f(x)
	f(x) = a*x**b
fitted parameters initialized with current variable values

iter      chisq       delta/lim  lambda   a             b            
   0 4.1912702471e+06  0.00e+00 1.09e+03  1.000000e+00  1.000000e+00
  85 5.0248863291e-03 -2.33e-01 1.09e-07  4.201244e+02 -2.180722e+00

After 85 iterations the fit converged.
final sum of squares of residuals : 0.00502489
rel. change during last iteration : -2.33426e-006

degrees of freedom    (FIT_NDF)                        : 70
rms of residuals      (FIT_STDFIT) = sqrt(WSSR/ndf)    : 0.00847255
variance of residuals (reduced chisquare) = WSSR/ndf   : 7.17841e-005

Final set of parameters            Asymptotic Standard Error
=======================            ==========================
a               = 420.124          +/- 6.312        (1.503%)
b               = -2.18072         +/- 0.005881     (0.2697%)

correlation matrix of the fit parameters:
                a      b      
a               1.000 
b              -0.994  1.000 


*******************************************************************************
Mon Oct 10 10:10:49 2016


FIT:    data read from 'dist.dat' using 1:2
        format = x:z
        x range restricted to [10.0000 : 800.000]
        #datapoints = 72
        residuals are weighted equally (unit weight)

function used for fitting: f(x)
	f(x) = a*x**b
fitted parameters initialized with current variable values

iter      chisq       delta/lim  lambda   a             b            
   0 4.1912702471e+06  0.00e+00 1.09e+03  1.000000e+00  1.000000e+00
  85 5.0248863291e-03 -2.33e-01 1.09e-07  4.201244e+02 -2.180722e+00

After 85 iterations the fit converged.
final sum of squares of residuals : 0.00502489
rel. change during last iteration : -2.33426e-006

degrees of freedom    (FIT_NDF)                        : 70
rms of residuals      (FIT_STDFIT) = sqrt(WSSR/ndf)    : 0.00847255
variance of residuals (reduced chisquare) = WSSR/ndf   : 7.17841e-005

Final set of parameters            Asymptotic Standard Error
=======================            ==========================
a               = 420.124          +/- 6.312        (1.503%)
b               = -2.18072         +/- 0.005881     (0.2697%)

correlation matrix of the fit parameters:
                a      b      
a               1.000 
b              -0.994  1.000 


*******************************************************************************
Mon Oct 10 10:12:04 2016


FIT:    data read from 'dist.dat' using 1:2
        format = x:z
        x range restricted to [10.0000 : 800.000]
        #datapoints = 72
        residuals are weighted equally (unit weight)

function used for fitting: f(x)
	f(x) = a*x**b
fitted parameters initialized with current variable values

iter      chisq       delta/lim  lambda   a             b            
   0 4.1912702471e+06  0.00e+00 1.09e+03  1.000000e+00  1.000000e+00
  85 5.0248863291e-03 -2.33e-01 1.09e-07  4.201244e+02 -2.180722e+00

After 85 iterations the fit converged.
final sum of squares of residuals : 0.00502489
rel. change during last iteration : -2.33426e-006

degrees of freedom    (FIT_NDF)                        : 70
rms of residuals      (FIT_STDFIT) = sqrt(WSSR/ndf)    : 0.00847255
variance of residuals (reduced chisquare) = WSSR/ndf   : 7.17841e-005

Final set of parameters            Asymptotic Standard Error
=======================            ==========================
a               = 420.124          +/- 6.312        (1.503%)
b               = -2.18072         +/- 0.005881     (0.2697%)

correlation matrix of the fit parameters:
                a      b      
a               1.000 
b              -0.994  1.000 


*******************************************************************************
Mon Oct 10 10:14:34 2016


FIT:    data read from 'dist.dat' using 1:2
        format = x:z
        x range restricted to [10.0000 : 800.000]
        #datapoints = 72
        residuals are weighted equally (unit weight)

function used for fitting: f(x)
	f(x) = a*x**b
fitted parameters initialized with current variable values

iter      chisq       delta/lim  lambda   a             b            
   0 4.1912702471e+06  0.00e+00 1.09e+03  1.000000e+00  1.000000e+00
  85 5.0248863291e-03 -2.33e-01 1.09e-07  4.201244e+02 -2.180722e+00

After 85 iterations the fit converged.
final sum of squares of residuals : 0.00502489
rel. change during last iteration : -2.33426e-006

degrees of freedom    (FIT_NDF)                        : 70
rms of residuals      (FIT_STDFIT) = sqrt(WSSR/ndf)    : 0.00847255
variance of residuals (reduced chisquare) = WSSR/ndf   : 7.17841e-005

Final set of parameters            Asymptotic Standard Error
=======================            ==========================
a               = 420.124          +/- 6.312        (1.503%)
b               = -2.18072         +/- 0.005881     (0.2697%)

correlation matrix of the fit parameters:
                a      b      
a               1.000 
b              -0.994  1.000 


*******************************************************************************
Mon Oct 10 10:14:45 2016


FIT:    data read from 'dist.dat' using 1:2
        format = x:z
        x range restricted to [10.0000 : 800.000]
        #datapoints = 72
        residuals are weighted equally (unit weight)

function used for fitting: f(x)
	f(x) = a*x**b
fitted parameters initialized with current variable values

iter      chisq       delta/lim  lambda   a             b            
   0 4.1912702471e+06  0.00e+00 1.09e+03  1.000000e+00  1.000000e+00
  85 5.0248863291e-03 -2.33e-01 1.09e-07  4.201244e+02 -2.180722e+00

After 85 iterations the fit converged.
final sum of squares of residuals : 0.00502489
rel. change during last iteration : -2.33426e-006

degrees of freedom    (FIT_NDF)                        : 70
rms of residuals      (FIT_STDFIT) = sqrt(WSSR/ndf)    : 0.00847255
variance of residuals (reduced chisquare) = WSSR/ndf   : 7.17841e-005

Final set of parameters            Asymptotic Standard Error
=======================            ==========================
a               = 420.124          +/- 6.312        (1.503%)
b               = -2.18072         +/- 0.005881     (0.2697%)

correlation matrix of the fit parameters:
                a      b      
a               1.000 
b              -0.994  1.000 


*******************************************************************************
Mon Oct 10 10:16:15 2016


FIT:    data read from 'dist.dat' using 1:2
        format = x:z
        x range restricted to [10.0000 : 800.000]
        #datapoints = 72
        residuals are weighted equally (unit weight)

function used for fitting: f(x)
	f(x) = a*x**b
fitted parameters initialized with current variable values

iter      chisq       delta/lim  lambda   a             b            
   0 4.1912702471e+06  0.00e+00 1.09e+03  1.000000e+00  1.000000e+00
  85 5.0248863291e-03 -2.33e-01 1.09e-07  4.201244e+02 -2.180722e+00

After 85 iterations the fit converged.
final sum of squares of residuals : 0.00502489
rel. change during last iteration : -2.33426e-006

degrees of freedom    (FIT_NDF)                        : 70
rms of residuals      (FIT_STDFIT) = sqrt(WSSR/ndf)    : 0.00847255
variance of residuals (reduced chisquare) = WSSR/ndf   : 7.17841e-005

Final set of parameters            Asymptotic Standard Error
=======================            ==========================
a               = 420.124          +/- 6.312        (1.503%)
b               = -2.18072         +/- 0.005881     (0.2697%)

correlation matrix of the fit parameters:
                a      b      
a               1.000 
b              -0.994  1.000 


*******************************************************************************
Mon Oct 10 10:16:47 2016


FIT:    data read from 'dist.dat' using 1:2
        format = x:z
        x range restricted to [10.0000 : 800.000]
        #datapoints = 72
        residuals are weighted equally (unit weight)

function used for fitting: f(x)
	f(x) = a*x**b
fitted parameters initialized with current variable values

iter      chisq       delta/lim  lambda   a             b            
   0 4.1912702471e+06  0.00e+00 1.09e+03  1.000000e+00  1.000000e+00
  85 5.0248863291e-03 -2.33e-01 1.09e-07  4.201244e+02 -2.180722e+00

After 85 iterations the fit converged.
final sum of squares of residuals : 0.00502489
rel. change during last iteration : -2.33426e-006

degrees of freedom    (FIT_NDF)                        : 70
rms of residuals      (FIT_STDFIT) = sqrt(WSSR/ndf)    : 0.00847255
variance of residuals (reduced chisquare) = WSSR/ndf   : 7.17841e-005

Final set of parameters            Asymptotic Standard Error
=======================            ==========================
a               = 420.124          +/- 6.312        (1.503%)
b               = -2.18072         +/- 0.005881     (0.2697%)

correlation matrix of the fit parameters:
                a      b      
a               1.000 
b              -0.994  1.000 


*******************************************************************************
Mon Oct 10 10:17:20 2016


FIT:    data read from 'dist.dat' using 1:2
        format = x:z
        x range restricted to [10.0000 : 800.000]
        #datapoints = 72
        residuals are weighted equally (unit weight)

function used for fitting: f(x)
	f(x) = a*x**b
fitted parameters initialized with current variable values

iter      chisq       delta/lim  lambda   a             b            
   0 4.1912702471e+06  0.00e+00 1.09e+03  1.000000e+00  1.000000e+00
  85 5.0248863291e-03 -2.33e-01 1.09e-07  4.201244e+02 -2.180722e+00

After 85 iterations the fit converged.
final sum of squares of residuals : 0.00502489
rel. change during last iteration : -2.33426e-006

degrees of freedom    (FIT_NDF)                        : 70
rms of residuals      (FIT_STDFIT) = sqrt(WSSR/ndf)    : 0.00847255
variance of residuals (reduced chisquare) = WSSR/ndf   : 7.17841e-005

Final set of parameters            Asymptotic Standard Error
=======================            ==========================
a               = 420.124          +/- 6.312        (1.503%)
b               = -2.18072         +/- 0.005881     (0.2697%)

correlation matrix of the fit parameters:
                a      b      
a               1.000 
b              -0.994  1.000 


*******************************************************************************
Mon Oct 10 10:17:47 2016


FIT:    data read from 'dist.dat' using 1:9
        format = x:z
        x range restricted to [10.0000 : 800.000]
        #datapoints = 72
        residuals are weighted equally (unit weight)

function used for fitting: f(x)
	f(x) = a*x**b
fitted parameters initialized with current variable values

iter      chisq       delta/lim  lambda   a             b            
   0 4.1726358368e+06  0.00e+00 1.09e+03  1.000000e+00  1.000000e+00
  10 6.0050457327e-03 -4.79e-02 1.09e-07  8.587645e-01  1.729888e-02

After 10 iterations the fit converged.
final sum of squares of residuals : 0.00600505
rel. change during last iteration : -4.78857e-007

degrees of freedom    (FIT_NDF)                        : 70
rms of residuals      (FIT_STDFIT) = sqrt(WSSR/ndf)    : 0.00926209
variance of residuals (reduced chisquare) = WSSR/ndf   : 8.57864e-005

Final set of parameters            Asymptotic Standard Error
=======================            ==========================
a               = 0.858765         +/- 0.003713     (0.4323%)
b               = 0.0172989        +/- 0.0009738    (5.629%)

correlation matrix of the fit parameters:
                a      b      
a               1.000 
b              -0.962  1.000 


*******************************************************************************
Mon Oct 10 10:17:49 2016


FIT:    data read from 'dist.dat' using 1:9
        format = x:z
        x range restricted to [10.0000 : 800.000]
        #datapoints = 72
        residuals are weighted equally (unit weight)

function used for fitting: f(x)
	f(x) = a*x**b
fitted parameters initialized with current variable values

iter      chisq       delta/lim  lambda   a             b            
   0 4.1726358368e+06  0.00e+00 1.09e+03  1.000000e+00  1.000000e+00
  10 6.0050457327e-03 -4.79e-02 1.09e-07  8.587645e-01  1.729888e-02

After 10 iterations the fit converged.
final sum of squares of residuals : 0.00600505
rel. change during last iteration : -4.78857e-007

degrees of freedom    (FIT_NDF)                        : 70
rms of residuals      (FIT_STDFIT) = sqrt(WSSR/ndf)    : 0.00926209
variance of residuals (reduced chisquare) = WSSR/ndf   : 8.57864e-005

Final set of parameters            Asymptotic Standard Error
=======================            ==========================
a               = 0.858765         +/- 0.003713     (0.4323%)
b               = 0.0172989        +/- 0.0009738    (5.629%)

correlation matrix of the fit parameters:
                a      b      
a               1.000 
b              -0.962  1.000 


*******************************************************************************
Mon Oct 10 10:18:21 2016


FIT:    data read from 'dist.dat' using 1:9
        format = x:z
        x range restricted to [10.0000 : 3000.00]
        #datapoints = 80
        residuals are weighted equally (unit weight)

function used for fitting: f(x)
	f(x) = a*x**b
fitted parameters initialized with current variable values

iter      chisq       delta/lim  lambda   a             b            
   0 2.9083526342e+07  0.00e+00 3.24e+03  1.000000e+00  1.000000e+00
  11 8.8365010567e-03 -5.08e-04 3.24e-05  8.702053e-01  1.381792e-02

After 11 iterations the fit converged.
final sum of squares of residuals : 0.0088365
rel. change during last iteration : -5.07962e-009

degrees of freedom    (FIT_NDF)                        : 78
rms of residuals      (FIT_STDFIT) = sqrt(WSSR/ndf)    : 0.0106437
variance of residuals (reduced chisquare) = WSSR/ndf   : 0.000113288

Final set of parameters            Asymptotic Standard Error
=======================            ==========================
a               = 0.870205         +/- 0.003631     (0.4173%)
b               = 0.0138179        +/- 0.000866     (6.267%)

correlation matrix of the fit parameters:
                a      b      
a               1.000 
b              -0.951  1.000 


*******************************************************************************
Mon Oct 10 10:18:22 2016


FIT:    data read from 'dist.dat' using 1:9
        format = x:z
        x range restricted to [10.0000 : 3000.00]
        #datapoints = 80
        residuals are weighted equally (unit weight)

function used for fitting: f(x)
	f(x) = a*x**b
fitted parameters initialized with current variable values

iter      chisq       delta/lim  lambda   a             b            
   0 2.9083526342e+07  0.00e+00 3.24e+03  1.000000e+00  1.000000e+00
  11 8.8365010567e-03 -5.08e-04 3.24e-05  8.702053e-01  1.381792e-02

After 11 iterations the fit converged.
final sum of squares of residuals : 0.0088365
rel. change during last iteration : -5.07962e-009

degrees of freedom    (FIT_NDF)                        : 78
rms of residuals      (FIT_STDFIT) = sqrt(WSSR/ndf)    : 0.0106437
variance of residuals (reduced chisquare) = WSSR/ndf   : 0.000113288

Final set of parameters            Asymptotic Standard Error
=======================            ==========================
a               = 0.870205         +/- 0.003631     (0.4173%)
b               = 0.0138179        +/- 0.000866     (6.267%)

correlation matrix of the fit parameters:
                a      b      
a               1.000 
b              -0.951  1.000 


*******************************************************************************
Mon Oct 10 10:18:23 2016


FIT:    data read from 'dist.dat' using 1:9
        format = x:z
        x range restricted to [10.0000 : 3000.00]
        #datapoints = 80
        residuals are weighted equally (unit weight)

function used for fitting: f(x)
	f(x) = a*x**b
fitted parameters initialized with current variable values

iter      chisq       delta/lim  lambda   a             b            
   0 2.9083526342e+07  0.00e+00 3.24e+03  1.000000e+00  1.000000e+00
  11 8.8365010567e-03 -5.08e-04 3.24e-05  8.702053e-01  1.381792e-02

After 11 iterations the fit converged.
final sum of squares of residuals : 0.0088365
rel. change during last iteration : -5.07962e-009

degrees of freedom    (FIT_NDF)                        : 78
rms of residuals      (FIT_STDFIT) = sqrt(WSSR/ndf)    : 0.0106437
variance of residuals (reduced chisquare) = WSSR/ndf   : 0.000113288

Final set of parameters            Asymptotic Standard Error
=======================            ==========================
a               = 0.870205         +/- 0.003631     (0.4173%)
b               = 0.0138179        +/- 0.000866     (6.267%)

correlation matrix of the fit parameters:
                a      b      
a               1.000 
b              -0.951  1.000 


*******************************************************************************
Mon Oct 10 10:18:23 2016


FIT:    data read from 'dist.dat' using 1:9
        format = x:z
        x range restricted to [10.0000 : 3000.00]
        #datapoints = 80
        residuals are weighted equally (unit weight)

function used for fitting: f(x)
	f(x) = a*x**b
fitted parameters initialized with current variable values

iter      chisq       delta/lim  lambda   a             b            
   0 2.9083526342e+07  0.00e+00 3.24e+03  1.000000e+00  1.000000e+00
  11 8.8365010567e-03 -5.08e-04 3.24e-05  8.702053e-01  1.381792e-02

After 11 iterations the fit converged.
final sum of squares of residuals : 0.0088365
rel. change during last iteration : -5.07962e-009

degrees of freedom    (FIT_NDF)                        : 78
rms of residuals      (FIT_STDFIT) = sqrt(WSSR/ndf)    : 0.0106437
variance of residuals (reduced chisquare) = WSSR/ndf   : 0.000113288

Final set of parameters            Asymptotic Standard Error
=======================            ==========================
a               = 0.870205         +/- 0.003631     (0.4173%)
b               = 0.0138179        +/- 0.000866     (6.267%)

correlation matrix of the fit parameters:
                a      b      
a               1.000 
b              -0.951  1.000 


*******************************************************************************
Mon Oct 10 10:18:24 2016


FIT:    data read from 'dist.dat' using 1:9
        format = x:z
        x range restricted to [10.0000 : 3000.00]
        #datapoints = 80
        residuals are weighted equally (unit weight)

function used for fitting: f(x)
	f(x) = a*x**b
fitted parameters initialized with current variable values

iter      chisq       delta/lim  lambda   a             b            
   0 2.9083526342e+07  0.00e+00 3.24e+03  1.000000e+00  1.000000e+00
  11 8.8365010567e-03 -5.08e-04 3.24e-05  8.702053e-01  1.381792e-02

After 11 iterations the fit converged.
final sum of squares of residuals : 0.0088365
rel. change during last iteration : -5.07962e-009

degrees of freedom    (FIT_NDF)                        : 78
rms of residuals      (FIT_STDFIT) = sqrt(WSSR/ndf)    : 0.0106437
variance of residuals (reduced chisquare) = WSSR/ndf   : 0.000113288

Final set of parameters            Asymptotic Standard Error
=======================            ==========================
a               = 0.870205         +/- 0.003631     (0.4173%)
b               = 0.0138179        +/- 0.000866     (6.267%)

correlation matrix of the fit parameters:
                a      b      
a               1.000 
b              -0.951  1.000 


*******************************************************************************
Mon Oct 10 10:18:56 2016


FIT:    data read from 'dist.dat' using 1:(abs(.95-$9))
        format = x:z
        x range restricted to [10.0000 : 3000.00]
        #datapoints = 80
        residuals are weighted equally (unit weight)

function used for fitting: f(x)
	f(x) = a*x**b
fitted parameters initialized with current variable values

iter      chisq       delta/lim  lambda   a             b            
   0 2.9126969154e+07  0.00e+00 3.24e+03  1.000000e+00  1.000000e+00
  19 7.0122641739e-05 -2.13e-09 3.24e+00  6.324261e-01 -8.544010e-01

After 19 iterations the fit converged.
final sum of squares of residuals : 7.01226e-005
rel. change during last iteration : -2.12596e-014

degrees of freedom    (FIT_NDF)                        : 78
rms of residuals      (FIT_STDFIT) = sqrt(WSSR/ndf)    : 0.00094816
variance of residuals (reduced chisquare) = WSSR/ndf   : 8.99008e-007

Final set of parameters            Asymptotic Standard Error
=======================            ==========================
a               = 0.632426         +/- 0.01146      (1.812%)
b               = -0.854401        +/- 0.005991     (0.7011%)

correlation matrix of the fit parameters:
                a      b      
a               1.000 
b              -0.983  1.000 


*******************************************************************************
Mon Oct 10 10:19:38 2016


FIT:    data read from 'dist.dat' using 1:(abs(.95-$9))
        format = x:z
        x range restricted to [30.0000 : 3000.00]
        #datapoints = 60
        residuals are weighted equally (unit weight)

function used for fitting: f(x)
	f(x) = a*x**b
fitted parameters initialized with current variable values

iter      chisq       delta/lim  lambda   a             b            
   0 2.9118738222e+07  0.00e+00 3.74e+03  1.000000e+00  1.000000e+00
  59 9.3547225454e-06 -2.73e-03 3.74e-07  9.212016e-01 -9.546169e-01

After 59 iterations the fit converged.
final sum of squares of residuals : 9.35472e-006
rel. change during last iteration : -2.734e-008

degrees of freedom    (FIT_NDF)                        : 58
rms of residuals      (FIT_STDFIT) = sqrt(WSSR/ndf)    : 0.000401607
variance of residuals (reduced chisquare) = WSSR/ndf   : 1.61288e-007

Final set of parameters            Asymptotic Standard Error
=======================            ==========================
a               = 0.921202         +/- 0.02647      (2.873%)
b               = -0.954617        +/- 0.007659     (0.8023%)

correlation matrix of the fit parameters:
                a      b      
a               1.000 
b              -0.995  1.000 


*******************************************************************************
Mon Oct 10 10:20:26 2016


FIT:    data read from 'dist.dat' using 1:(abs(.95-$9))
        format = x:z
        x range restricted to [30.0000 : 3000.00]
        #datapoints = 60
        residuals are weighted equally (unit weight)

function used for fitting: f(x)
	f(x) = b*exp(a*x)
fitted parameters initialized with current variable values


Current data point
=========================
#               = 51 out of 60
x               = 1              
z               = 0.002018       

Current set of parameters
=========================
a               = 1              
b               = 1              

BREAK: Undefined value during function evaluation

*******************************************************************************
Mon Oct 10 10:20:41 2016


FIT:    data read from 'dist.dat' using 1:(abs(.95-$9))
        format = x:z
        x range restricted to [30.0000 : 3000.00]
        #datapoints = 60
        residuals are weighted equally (unit weight)

function used for fitting: f(x)
	f(x) = b*exp(a*x)
fitted parameters initialized with current variable values


Current data point
=========================
#               = 51 out of 60
x               = 1              
z               = 0.002018       

Current set of parameters
=========================
a               = 1              
b               = 1              

BREAK: Undefined value during function evaluation

*******************************************************************************
Mon Oct 10 10:21:00 2016


FIT:    data read from 'dist.dat' using 1:(abs(.95-$9))
        format = x:z
        x range restricted to [30.0000 : 3000.00]
        #datapoints = 60
        residuals are weighted equally (unit weight)

function used for fitting: f(x)
	f(x) = b*e**(a*x)
fitted parameters initialized with current variable values



*******************************************************************************
Mon Oct 10 10:21:12 2016


FIT:    data read from 'dist.dat' using 1:(abs(.95-$9))
        format = x:z
        x range restricted to [30.0000 : 3000.00]
        #datapoints = 60
        residuals are weighted equally (unit weight)

function used for fitting: f(x)
	f(x) = b*2**(a*x)
fitted parameters initialized with current variable values


Current data point
=========================
#               = 57 out of 60
x               = 1              
z               = 0.000658       

Current set of parameters
=========================
a               = 1              
b               = 1              

BREAK: Function evaluation yields NaN ("not a number")

*******************************************************************************
Mon Oct 10 10:21:55 2016


FIT:    data read from 'dist.dat' using 1:(abs(.95-$9))
        format = x:z
        x range restricted to [30.0000 : 3000.00]
        #datapoints = 60
        residuals are weighted equally (unit weight)

function used for fitting: f(x)
	f(x) = exp(a*x)
fitted parameters initialized with current variable values


Current data point
=========================
#               = 51 out of 60
x               = 1              
z               = 0.002018       

Current set of parameters
=========================
a               = 1              

BREAK: Undefined value during function evaluation

*******************************************************************************
Mon Oct 10 10:22:38 2016


FIT:    data read from 'dist.dat' using 1:(abs(.95-$9))
        format = x:z
        x range restricted to [30.0000 : 3000.00]
        #datapoints = 60
        residuals are weighted equally (unit weight)

function used for fitting: f(x)
	f(x) = exp(a*x)
fitted parameters initialized with current variable values


Current data point
=========================
#               = 51 out of 60
x               = 1              
z               = 0.002018       

Current set of parameters
=========================
a               = 1              

BREAK: Undefined value during function evaluation

*******************************************************************************
Mon Oct 10 10:22:53 2016


FIT:    data read from 'dist.dat' using 1:(abs(.95-$9))
        format = x:z
        x range restricted to [30.0000 : 3000.00]
        #datapoints = 60
        residuals are weighted equally (unit weight)

function used for fitting: f(x)
	f(x) = exp(a*x)
fitted parameters initialized with current variable values


Current data point
=========================
#               = 51 out of 60
x               = 1              
z               = 0.002018       

Current set of parameters
=========================
a               = 1              

BREAK: Undefined value during function evaluation

*******************************************************************************
Mon Oct 10 10:23:56 2016


FIT:    data read from 'dist.dat' using 1:(abs(.95-$9))
        format = x:z
        x range restricted to [30.0000 : 3000.00]
        #datapoints = 60
        residuals are weighted equally (unit weight)

function used for fitting: f(x)
	f(x) = exp(a*x)
fitted parameters initialized with current variable values


Current data point
=========================
#               = 51 out of 60
x               = 1              
z               = 0.002018       

Current set of parameters
=========================
a               = 1              

BREAK: Undefined value during function evaluation

*******************************************************************************
Mon Oct 10 10:24:58 2016


FIT:    data read from 'dist.dat' using 1:(abs(.95-$9))
        format = x:z
        x range restricted to [30.0000 : 3000.00]
        #datapoints = 60
        residuals are weighted equally (unit weight)

function used for fitting: f(x)
	f(x) = a*exp(x)
fitted parameters initialized with current variable values


Current data point
=========================
#               = 51 out of 60
x               = 1              
z               = 0.002018       

Current set of parameters
=========================
a               = 1              

BREAK: Undefined value during function evaluation

*******************************************************************************
Mon Oct 10 10:25:08 2016


FIT:    data read from 'dist.dat' using 1:(abs(.95-$9))
        format = x:z
        x range restricted to [30.0000 : 3000.00]
        #datapoints = 60
        residuals are weighted equally (unit weight)

function used for fitting: f(x)
	f(x) = a*exp(x)
fitted parameters initialized with current variable values


Current data point
=========================
#               = 51 out of 60
x               = 1              
z               = 0.002018       

Current set of parameters
=========================
a               = 1              

BREAK: Undefined value during function evaluation

*******************************************************************************
Mon Oct 10 10:25:41 2016


FIT:    data read from 'dist.dat' using 1:(abs(.95-$9))
        format = x:z
        x range restricted to [30.0000 : 3000.00]
        #datapoints = 60
        residuals are weighted equally (unit weight)

function used for fitting: f(x)
	f(x) = a*exp(x)
fitted parameters initialized with current variable values


Current data point
=========================
#               = 51 out of 60
x               = 1              
z               = 0.002018       

Current set of parameters
=========================
a               = 1              

BREAK: Undefined value during function evaluation

*******************************************************************************
Mon Oct 10 10:26:14 2016


FIT:    data read from 'dist.dat' using 1:(abs(.95-$9))
        format = x:z
        x range restricted to [30.0000 : 3000.00]
        #datapoints = 60
        residuals are weighted equally (unit weight)

function used for fitting: f(x)
	f(x) = exp(a*x)
fitted parameters initialized with current variable values


Current data point
=========================
#               = 51 out of 60
x               = 1              
z               = 0.002018       

Current set of parameters
=========================
a               = 1              

BREAK: Undefined value during function evaluation

*******************************************************************************
Mon Oct 10 10:26:33 2016


FIT:    data read from 'dist.dat' using 1:(abs(.95-$9))
        format = x:z
        x range restricted to [30.0000 : 3000.00]
        #datapoints = 60
        residuals are weighted equally (unit weight)

function used for fitting: f(x)
	f(x) = a*x**b
fitted parameters initialized with current variable values



*******************************************************************************
Mon Oct 10 10:26:38 2016


FIT:    data read from 'dist.dat' using 1:(abs(.95-$9))
        format = x:z
        x range restricted to [30.0000 : 3000.00]
        #datapoints = 60
        residuals are weighted equally (unit weight)

function used for fitting: f(x)
	f(x) = a*x**b
fitted parameters initialized with current variable values

iter      chisq       delta/lim  lambda   a             b            
   0 2.9118738222e+07  0.00e+00 3.74e+03  1.000000e+00  1.000000e+00
  59 9.3547225454e-06 -2.73e-03 3.74e-07  9.212016e-01 -9.546169e-01

After 59 iterations the fit converged.
final sum of squares of residuals : 9.35472e-006
rel. change during last iteration : -2.734e-008

degrees of freedom    (FIT_NDF)                        : 58
rms of residuals      (FIT_STDFIT) = sqrt(WSSR/ndf)    : 0.000401607
variance of residuals (reduced chisquare) = WSSR/ndf   : 1.61288e-007

Final set of parameters            Asymptotic Standard Error
=======================            ==========================
a               = 0.921202         +/- 0.02647      (2.873%)
b               = -0.954617        +/- 0.007659     (0.8023%)

correlation matrix of the fit parameters:
                a      b      
a               1.000 
b              -0.995  1.000 


*******************************************************************************
Mon Oct 10 10:27:13 2016


FIT:    data read from 'dist.dat' using 1:(abs(.95-$9))
        format = x:z
        x range restricted to [100.000 : 3000.00]
        #datapoints = 35
        residuals are weighted equally (unit weight)

function used for fitting: f(x)
	f(x) = a*x**b
fitted parameters initialized with current variable values

iter      chisq       delta/lim  lambda   a             b            
   0 2.9061423206e+07  0.00e+00 4.89e+03  1.000000e+00  1.000000e+00
  71 3.2584600798e-06 -6.42e-06 4.89e-08  1.216488e+00 -1.012861e+00

After 71 iterations the fit converged.
final sum of squares of residuals : 3.25846e-006
rel. change during last iteration : -6.42418e-011

degrees of freedom    (FIT_NDF)                        : 33
rms of residuals      (FIT_STDFIT) = sqrt(WSSR/ndf)    : 0.000314231
variance of residuals (reduced chisquare) = WSSR/ndf   : 9.87412e-008

Final set of parameters            Asymptotic Standard Error
=======================            ==========================
a               = 1.21649          +/- 0.1507       (12.39%)
b               = -1.01286         +/- 0.02448      (2.417%)

correlation matrix of the fit parameters:
                a      b      
a               1.000 
b              -0.997  1.000 


*******************************************************************************
Mon Oct 10 10:27:21 2016


FIT:    data read from 'dist.dat' using 1:(abs(.95-$9))
        format = x:z
        x range restricted to [200.000 : 3000.00]
        #datapoints = 25
        residuals are weighted equally (unit weight)

function used for fitting: f(x)
	f(x) = a*x**b
fitted parameters initialized with current variable values

iter      chisq       delta/lim  lambda   a             b            
   0 2.8842946028e+07  0.00e+00 5.78e+03  1.000000e+00  1.000000e+00
 142 2.2783151536e-06 -2.08e-03 5.78e-08  8.851879e-01 -9.577543e-01

After 142 iterations the fit converged.
final sum of squares of residuals : 2.27832e-006
rel. change during last iteration : -2.07563e-008

degrees of freedom    (FIT_NDF)                        : 23
rms of residuals      (FIT_STDFIT) = sqrt(WSSR/ndf)    : 0.000314734
variance of residuals (reduced chisquare) = WSSR/ndf   : 9.90572e-008

Final set of parameters            Asymptotic Standard Error
=======================            ==========================
a               = 0.885188         +/- 0.2446       (27.63%)
b               = -0.957754        +/- 0.04887      (5.103%)

correlation matrix of the fit parameters:
                a      b      
a               1.000 
b              -0.997  1.000 


*******************************************************************************
Mon Oct 10 10:27:28 2016


FIT:    data read from 'dist.dat' using 1:(abs(.95-$9))
        format = x:z
        x range restricted to [250.000 : 3000.00]
        #datapoints = 20
        residuals are weighted equally (unit weight)

function used for fitting: f(x)
	f(x) = a*x**b
fitted parameters initialized with current variable values

iter      chisq       delta/lim  lambda   a             b            
   0 2.8599956964e+07  0.00e+00 6.45e+03  1.000000e+00  1.000000e+00
 285 1.8963842171e-06 -4.17e-01 6.45e-08  1.524652e+00 -1.043659e+00

After 285 iterations the fit converged.
final sum of squares of residuals : 1.89638e-006
rel. change during last iteration : -4.16808e-006

degrees of freedom    (FIT_NDF)                        : 18
rms of residuals      (FIT_STDFIT) = sqrt(WSSR/ndf)    : 0.000324584
variance of residuals (reduced chisquare) = WSSR/ndf   : 1.05355e-007

Final set of parameters            Asymptotic Standard Error
=======================            ==========================
a               = 1.52465          +/- 0.6941       (45.53%)
b               = -1.04366         +/- 0.07592      (7.275%)

correlation matrix of the fit parameters:
                a      b      
a               1.000 
b              -0.997  1.000 


*******************************************************************************
Mon Oct 10 10:27:34 2016


FIT:    data read from 'dist.dat' using 1:(abs(.95-$9))
        format = x:z
        x range restricted to [10.0000 : 3000.00]
        #datapoints = 80
        residuals are weighted equally (unit weight)

function used for fitting: f(x)
	f(x) = a*x**b
fitted parameters initialized with current variable values

iter      chisq       delta/lim  lambda   a             b            
   0 2.9126969154e+07  0.00e+00 3.24e+03  1.000000e+00  1.000000e+00
  19 7.0122641739e-05 -2.13e-09 3.24e+00  6.324261e-01 -8.544010e-01

After 19 iterations the fit converged.
final sum of squares of residuals : 7.01226e-005
rel. change during last iteration : -2.12596e-014

degrees of freedom    (FIT_NDF)                        : 78
rms of residuals      (FIT_STDFIT) = sqrt(WSSR/ndf)    : 0.00094816
variance of residuals (reduced chisquare) = WSSR/ndf   : 8.99008e-007

Final set of parameters            Asymptotic Standard Error
=======================            ==========================
a               = 0.632426         +/- 0.01146      (1.812%)
b               = -0.854401        +/- 0.005991     (0.7011%)

correlation matrix of the fit parameters:
                a      b      
a               1.000 
b              -0.983  1.000 


*******************************************************************************
Mon Oct 10 10:27:39 2016


FIT:    data read from 'dist.dat' using 1:(abs(.95-$9))
        format = x:z
        x range restricted to [20.0000 : 3000.00]
        #datapoints = 70
        residuals are weighted equally (unit weight)

function used for fitting: f(x)
	f(x) = a*x**b
fitted parameters initialized with current variable values

iter      chisq       delta/lim  lambda   a             b            
   0 2.9124802739e+07  0.00e+00 3.46e+03  1.000000e+00  1.000000e+00
  40 1.9512326383e-05 -1.88e-03 3.46e-03  7.923048e-01 -9.168714e-01

After 40 iterations the fit converged.
final sum of squares of residuals : 1.95123e-005
rel. change during last iteration : -1.87695e-008

degrees of freedom    (FIT_NDF)                        : 68
rms of residuals      (FIT_STDFIT) = sqrt(WSSR/ndf)    : 0.000535673
variance of residuals (reduced chisquare) = WSSR/ndf   : 2.86946e-007

Final set of parameters            Asymptotic Standard Error
=======================            ==========================
a               = 0.792305         +/- 0.01855      (2.342%)
b               = -0.916871        +/- 0.006738     (0.7349%)

correlation matrix of the fit parameters:
                a      b      
a               1.000 
b              -0.993  1.000 


*******************************************************************************
Mon Oct 10 10:27:45 2016


FIT:    data read from 'dist.dat' using 1:(abs(.95-$9))
        format = x:z
        x range restricted to [30.0000 : 3000.00]
        #datapoints = 60
        residuals are weighted equally (unit weight)

function used for fitting: f(x)
	f(x) = a*x**b
fitted parameters initialized with current variable values

iter      chisq       delta/lim  lambda   a             b            
   0 2.9118738222e+07  0.00e+00 3.74e+03  1.000000e+00  1.000000e+00
  59 9.3547225454e-06 -2.73e-03 3.74e-07  9.212016e-01 -9.546169e-01

After 59 iterations the fit converged.
final sum of squares of residuals : 9.35472e-006
rel. change during last iteration : -2.734e-008

degrees of freedom    (FIT_NDF)                        : 58
rms of residuals      (FIT_STDFIT) = sqrt(WSSR/ndf)    : 0.000401607
variance of residuals (reduced chisquare) = WSSR/ndf   : 1.61288e-007

Final set of parameters            Asymptotic Standard Error
=======================            ==========================
a               = 0.921202         +/- 0.02647      (2.873%)
b               = -0.954617        +/- 0.007659     (0.8023%)

correlation matrix of the fit parameters:
                a      b      
a               1.000 
b              -0.995  1.000 


*******************************************************************************
Mon Oct 10 10:27:51 2016


FIT:    data read from 'dist.dat' using 1:(abs(.95-$9))
        format = x:z
        x range restricted to [50.0000 : 3000.00]
        #datapoints = 40
        residuals are weighted equally (unit weight)

function used for fitting: f(x)
	f(x) = a*x**b
fitted parameters initialized with current variable values

iter      chisq       delta/lim  lambda   a             b            
   0 2.9086911808e+07  0.00e+00 4.58e+03  1.000000e+00  1.000000e+00
  32 4.9568133082e-06 -2.77e-01 4.58e-07  1.031288e+00 -9.795711e-01

After 32 iterations the fit converged.
final sum of squares of residuals : 4.95681e-006
rel. change during last iteration : -2.76808e-006

degrees of freedom    (FIT_NDF)                        : 38
rms of residuals      (FIT_STDFIT) = sqrt(WSSR/ndf)    : 0.000361168
variance of residuals (reduced chisquare) = WSSR/ndf   : 1.30442e-007

Final set of parameters            Asymptotic Standard Error
=======================            ==========================
a               = 1.03129          +/- 0.06289      (6.098%)
b               = -0.979571        +/- 0.01348      (1.376%)

correlation matrix of the fit parameters:
                a      b      
a               1.000 
b              -0.993  1.000 


*******************************************************************************
Mon Oct 10 10:27:55 2016


FIT:    data read from 'dist.dat' using 1:(abs(.95-$9))
        format = x:z
        x range restricted to [100.000 : 3000.00]
        #datapoints = 35
        residuals are weighted equally (unit weight)

function used for fitting: f(x)
	f(x) = a*x**b
fitted parameters initialized with current variable values

iter      chisq       delta/lim  lambda   a             b            
   0 2.9061423206e+07  0.00e+00 4.89e+03  1.000000e+00  1.000000e+00
  71 3.2584600798e-06 -6.42e-06 4.89e-08  1.216488e+00 -1.012861e+00

After 71 iterations the fit converged.
final sum of squares of residuals : 3.25846e-006
rel. change during last iteration : -6.42418e-011

degrees of freedom    (FIT_NDF)                        : 33
rms of residuals      (FIT_STDFIT) = sqrt(WSSR/ndf)    : 0.000314231
variance of residuals (reduced chisquare) = WSSR/ndf   : 9.87412e-008

Final set of parameters            Asymptotic Standard Error
=======================            ==========================
a               = 1.21649          +/- 0.1507       (12.39%)
b               = -1.01286         +/- 0.02448      (2.417%)

correlation matrix of the fit parameters:
                a      b      
a               1.000 
b              -0.997  1.000 


*******************************************************************************
Mon Oct 10 10:28:00 2016


FIT:    data read from 'dist.dat' using 1:(abs(.95-$9))
        format = x:z
        x range restricted to [70.0000 : 3000.00]
        #datapoints = 38
        residuals are weighted equally (unit weight)

function used for fitting: f(x)
	f(x) = a*x**b
fitted parameters initialized with current variable values

iter      chisq       delta/lim  lambda   a             b            
   0 2.9080816204e+07  0.00e+00 4.70e+03  1.000000e+00  1.000000e+00
  49 3.5360357122e-06 -1.82e-05 4.70e-04  1.273831e+00 -1.021390e+00

After 49 iterations the fit converged.
final sum of squares of residuals : 3.53604e-006
rel. change during last iteration : -1.81995e-010

degrees of freedom    (FIT_NDF)                        : 36
rms of residuals      (FIT_STDFIT) = sqrt(WSSR/ndf)    : 0.000313406
variance of residuals (reduced chisquare) = WSSR/ndf   : 9.82232e-008

Final set of parameters            Asymptotic Standard Error
=======================            ==========================
a               = 1.27383          +/- 0.1013       (7.952%)
b               = -1.02139         +/- 0.01665      (1.63%)

correlation matrix of the fit parameters:
                a      b      
a               1.000 
b              -0.995  1.000 


*******************************************************************************
Mon Oct 10 10:28:05 2016


FIT:    data read from 'dist.dat' using 1:(abs(.95-$9))
        format = x:z
        x range restricted to [60.0000 : 3000.00]
        #datapoints = 39
        residuals are weighted equally (unit weight)

function used for fitting: f(x)
	f(x) = a*x**b
fitted parameters initialized with current variable values

iter      chisq       delta/lim  lambda   a             b            
   0 2.9084413965e+07  0.00e+00 4.64e+03  1.000000e+00  1.000000e+00
  43 3.9066691304e-06 -1.36e-05 4.64e-03  1.168655e+00 -1.004519e+00

After 43 iterations the fit converged.
final sum of squares of residuals : 3.90667e-006
rel. change during last iteration : -1.36409e-010

degrees of freedom    (FIT_NDF)                        : 37
rms of residuals      (FIT_STDFIT) = sqrt(WSSR/ndf)    : 0.000324939
variance of residuals (reduced chisquare) = WSSR/ndf   : 1.05586e-007

Final set of parameters            Asymptotic Standard Error
=======================            ==========================
a               = 1.16866          +/- 0.07967      (6.818%)
b               = -1.00452         +/- 0.01463      (1.456%)

correlation matrix of the fit parameters:
                a      b      
a               1.000 
b              -0.994  1.000 


*******************************************************************************
Mon Oct 10 10:28:51 2016


FIT:    data read from 'dist.dat' using 1:(abs(.95-$9))
        format = x:z
        x range restricted to [60.0000 : 3000.00]
        #datapoints = 39
        residuals are weighted equally (unit weight)

function used for fitting: f(x)
	f(x) = a*x**b
fitted parameters initialized with current variable values

iter      chisq       delta/lim  lambda   a             b            
   0 2.9084413965e+07  0.00e+00 4.64e+03  1.000000e+00  1.000000e+00
  43 3.9066691304e-06 -1.36e-05 4.64e-03  1.168655e+00 -1.004519e+00

After 43 iterations the fit converged.
final sum of squares of residuals : 3.90667e-006
rel. change during last iteration : -1.36409e-010

degrees of freedom    (FIT_NDF)                        : 37
rms of residuals      (FIT_STDFIT) = sqrt(WSSR/ndf)    : 0.000324939
variance of residuals (reduced chisquare) = WSSR/ndf   : 1.05586e-007

Final set of parameters            Asymptotic Standard Error
=======================            ==========================
a               = 1.16866          +/- 0.07967      (6.818%)
b               = -1.00452         +/- 0.01463      (1.456%)

correlation matrix of the fit parameters:
                a      b      
a               1.000 
b              -0.994  1.000 
